// Jest Snapshot v1, https://goo.gl/fbAQLP

exports[`<Home /> should render component 1`] = `
<div>
  <h1>
    Home Page
  </h1>
</div>
`;
