// Jest Snapshot v1, https://goo.gl/fbAQLP

exports[`<Header /> should render component 1`] = `
<ul>
  <li>
    <Link
      replace={false}
      to="/"
    >
      Home
    </Link>
  </li>
  <li>
    <Link
      replace={false}
      to="/about"
    >
      About
    </Link>
  </li>
</ul>
`;
